2026-09-04 17:08:53 +0000 :: ufe01 :: This cycle is complete: Success
2026-09-04 17:19:15 +0000 :: ufe01 :: Submitting mm_rrfs-sd_00
2026-09-04 17:19:15 +0000 :: ufe01 :: Submitting mm_rrfs-sd_01
2026-09-04 17:19:15 +0000 :: ufe01 :: Submitting mm_rrfs-sd_02
2026-09-04 17:19:15 +0000 :: ufe01 :: Submitting mm_rrfs-sd_03
2026-09-04 17:19:15 +0000 :: ufe01 :: Submitting mm_rrfs-sd_04
2026-09-04 17:19:15 +0000 :: ufe01 :: Submitting mm_rrfs-sd_05
2026-09-04 17:19:15 +0000 :: ufe01 :: Submitting mm_rrfs-sd_06
2026-09-04 17:19:15 +0000 :: ufe01 :: Submitting mm_rrfs-sd_07
2026-09-04 17:19:15 +0000 :: ufe01 :: Submitting mm_rrfs-sd_08
2026-09-04 17:19:15 +0000 :: ufe01 :: Submission of mm_rrfs-sd_00 succeeded, jobid=20729344
2026-09-04 17:19:15 +0000 :: ufe01 :: Submission of mm_rrfs-sd_01 succeeded, jobid=20729345
2026-09-04 17:19:15 +0000 :: ufe01 :: Submission of mm_rrfs-sd_02 succeeded, jobid=20729346
2026-09-04 17:19:15 +0000 :: ufe01 :: Submission of mm_rrfs-sd_03 succeeded, jobid=20729347
2026-09-04 17:19:15 +0000 :: ufe01 :: Submission of mm_rrfs-sd_04 succeeded, jobid=20729348
2026-09-04 17:19:15 +0000 :: ufe01 :: Submission of mm_rrfs-sd_05 succeeded, jobid=20729349
2026-09-04 17:19:15 +0000 :: ufe01 :: Submission of mm_rrfs-sd_06 succeeded, jobid=20729350
2026-09-04 17:19:15 +0000 :: ufe01 :: Submission of mm_rrfs-sd_07 succeeded, jobid=20729351
2026-09-04 17:19:15 +0000 :: ufe01 :: Submission of mm_rrfs-sd_08 succeeded, jobid=20729352
2026-09-04 17:22:31 +0000 :: ufe01 :: Submitting mm_rrfs-sd_01
2026-09-04 17:22:31 +0000 :: ufe01 :: Submitting mm_rrfs-sd_02
2026-09-04 17:22:31 +0000 :: ufe01 :: Submitting mm_rrfs-sd_03
2026-09-04 17:22:31 +0000 :: ufe01 :: Submitting mm_rrfs-sd_04
2026-09-04 17:22:31 +0000 :: ufe01 :: Submitting mm_rrfs-sd_05
2026-09-04 17:22:31 +0000 :: ufe01 :: Submitting mm_rrfs-sd_06
2026-09-04 17:22:31 +0000 :: ufe01 :: Submitting mm_rrfs-sd_07
2026-09-04 17:22:31 +0000 :: ufe01 :: Submitting mm_rrfs-sd_08
2026-09-04 17:22:31 +0000 :: ufe01 :: Submission of mm_rrfs-sd_01 succeeded, jobid=20729487
2026-09-04 17:22:31 +0000 :: ufe01 :: Submission of mm_rrfs-sd_02 succeeded, jobid=20729486
2026-09-04 17:22:31 +0000 :: ufe01 :: Submission of mm_rrfs-sd_03 succeeded, jobid=20729488
2026-09-04 17:22:31 +0000 :: ufe01 :: Submission of mm_rrfs-sd_04 succeeded, jobid=20729489
2026-09-04 17:22:31 +0000 :: ufe01 :: Submission of mm_rrfs-sd_05 succeeded, jobid=20729490
2026-09-04 17:22:31 +0000 :: ufe01 :: Submission of mm_rrfs-sd_06 succeeded, jobid=20729491
2026-09-04 17:22:31 +0000 :: ufe01 :: Submission of mm_rrfs-sd_07 succeeded, jobid=20729492
2026-09-04 17:22:31 +0000 :: ufe01 :: Submission of mm_rrfs-sd_08 succeeded, jobid=20729493
2026-09-04 17:30:44 +0000 :: ufe01 :: Submitting mm_rrfs-sd_01
2026-09-04 17:30:44 +0000 :: ufe01 :: Submitting mm_rrfs-sd_02
2026-09-04 17:30:44 +0000 :: ufe01 :: Submitting mm_rrfs-sd_03
2026-09-04 17:30:44 +0000 :: ufe01 :: Submitting mm_rrfs-sd_04
2026-09-04 17:30:44 +0000 :: ufe01 :: Submitting mm_rrfs-sd_05
2026-09-04 17:30:44 +0000 :: ufe01 :: Submitting mm_rrfs-sd_06
2026-09-04 17:30:44 +0000 :: ufe01 :: Submitting mm_rrfs-sd_07
2026-09-04 17:30:44 +0000 :: ufe01 :: Submitting mm_rrfs-sd_08
2026-09-04 17:30:44 +0000 :: ufe01 :: Submission of mm_rrfs-sd_01 succeeded, jobid=20729739
2026-09-04 17:30:44 +0000 :: ufe01 :: Submission of mm_rrfs-sd_02 succeeded, jobid=20729738
2026-09-04 17:30:44 +0000 :: ufe01 :: Submission of mm_rrfs-sd_03 succeeded, jobid=20729740
2026-09-04 17:30:44 +0000 :: ufe01 :: Submission of mm_rrfs-sd_04 succeeded, jobid=20729741
2026-09-04 17:30:44 +0000 :: ufe01 :: Submission of mm_rrfs-sd_05 succeeded, jobid=20729742
2026-09-04 17:30:44 +0000 :: ufe01 :: Submission of mm_rrfs-sd_06 succeeded, jobid=20729743
2026-09-04 17:30:44 +0000 :: ufe01 :: Submission of mm_rrfs-sd_07 succeeded, jobid=20729744
2026-09-04 17:30:44 +0000 :: ufe01 :: Submission of mm_rrfs-sd_08 succeeded, jobid=20729745
2026-09-04 17:33:43 +0000 :: ufe01 :: Submitting mm_rrfs-sd_01
2026-09-04 17:33:43 +0000 :: ufe01 :: Submitting mm_rrfs-sd_02
2026-09-04 17:33:43 +0000 :: ufe01 :: Submission status of mm_rrfs-sd_01 is pending at druby://10.212.21.9:36723
2026-09-04 17:33:43 +0000 :: ufe01 :: Submission status of mm_rrfs-sd_02 is pending at druby://10.212.21.9:36723
2026-09-04 17:35:29 +0000 :: ufe01 :: Submitting mm_rrfs-sd_01
2026-09-04 17:35:29 +0000 :: ufe01 :: Submitting mm_rrfs-sd_02
2026-09-04 17:35:29 +0000 :: ufe01 :: Submitting mm_rrfs-sd_03
2026-09-04 17:35:29 +0000 :: ufe01 :: Submitting mm_rrfs-sd_04
2026-09-04 17:35:29 +0000 :: ufe01 :: Submitting mm_rrfs-sd_05
2026-09-04 17:35:29 +0000 :: ufe01 :: Submitting mm_rrfs-sd_06
2026-09-04 17:35:29 +0000 :: ufe01 :: Submitting mm_rrfs-sd_07
2026-09-04 17:35:29 +0000 :: ufe01 :: Submitting mm_rrfs-sd_08
2026-09-04 17:35:29 +0000 :: ufe01 :: Submission of mm_rrfs-sd_01 succeeded, jobid=20729900
2026-09-04 17:35:29 +0000 :: ufe01 :: Submission of mm_rrfs-sd_02 succeeded, jobid=20729901
2026-09-04 17:35:29 +0000 :: ufe01 :: Submission of mm_rrfs-sd_03 succeeded, jobid=20729902
2026-09-04 17:35:29 +0000 :: ufe01 :: Submission of mm_rrfs-sd_04 succeeded, jobid=20729903
2026-09-04 17:35:29 +0000 :: ufe01 :: Submission of mm_rrfs-sd_05 succeeded, jobid=20729904
2026-09-04 17:35:29 +0000 :: ufe01 :: Submission of mm_rrfs-sd_06 succeeded, jobid=20729905
2026-09-04 17:35:29 +0000 :: ufe01 :: Submission of mm_rrfs-sd_07 succeeded, jobid=20729906
2026-09-04 17:35:29 +0000 :: ufe01 :: Submission of mm_rrfs-sd_08 succeeded, jobid=20729907
2026-09-04 17:35:38 +0000 :: ufe01 :: Task mm_rrfs-sd_01, jobid=20729900, in state RUNNING (RUNNING)
2026-09-04 17:35:38 +0000 :: ufe01 :: Task mm_rrfs-sd_02, jobid=20729901, in state RUNNING (RUNNING)
2026-09-04 17:35:38 +0000 :: ufe01 :: Task mm_rrfs-sd_03, jobid=20729902, in state RUNNING (RUNNING)
2026-09-04 17:35:38 +0000 :: ufe01 :: Task mm_rrfs-sd_04, jobid=20729903, in state RUNNING (RUNNING)
2026-09-04 17:35:38 +0000 :: ufe01 :: Task mm_rrfs-sd_05, jobid=20729904, in state RUNNING (RUNNING)
2026-09-04 17:35:38 +0000 :: ufe01 :: Task mm_rrfs-sd_06, jobid=20729905, in state RUNNING (RUNNING)
2026-09-04 17:35:38 +0000 :: ufe01 :: Task mm_rrfs-sd_07, jobid=20729906, in state RUNNING (RUNNING)
2026-09-04 17:35:38 +0000 :: ufe01 :: Task mm_rrfs-sd_08, jobid=20729907, in state RUNNING (RUNNING)
2026-09-04 17:47:48 +0000 :: ufe01 :: Task mm_rrfs-sd_01, jobid=20729900, in state SUCCEEDED (COMPLETED), ran for 679.0 seconds, exit status=0, try=1 (of 1)
2026-09-04 17:47:48 +0000 :: ufe01 :: Task mm_rrfs-sd_02, jobid=20729901, in state SUCCEEDED (COMPLETED), ran for 522.0 seconds, exit status=0, try=1 (of 1)
2026-09-04 17:47:48 +0000 :: ufe01 :: Task mm_rrfs-sd_03, jobid=20729902, in state SUCCEEDED (COMPLETED), ran for 521.0 seconds, exit status=0, try=1 (of 1)
2026-09-04 17:47:48 +0000 :: ufe01 :: Task mm_rrfs-sd_04, jobid=20729903, in state SUCCEEDED (COMPLETED), ran for 440.0 seconds, exit status=0, try=1 (of 1)
2026-09-04 17:47:48 +0000 :: ufe01 :: Task mm_rrfs-sd_05, jobid=20729904, in state SUCCEEDED (COMPLETED), ran for 435.0 seconds, exit status=0, try=1 (of 1)
2026-09-04 17:47:48 +0000 :: ufe01 :: Task mm_rrfs-sd_06, jobid=20729905, in state SUCCEEDED (COMPLETED), ran for 422.0 seconds, exit status=0, try=1 (of 1)
2026-09-04 17:47:48 +0000 :: ufe01 :: Task mm_rrfs-sd_07, jobid=20729906, in state SUCCEEDED (COMPLETED), ran for 455.0 seconds, exit status=0, try=1 (of 1)
2026-09-04 17:47:49 +0000 :: ufe01 :: Task mm_rrfs-sd_08, jobid=20729907, in state SUCCEEDED (COMPLETED), ran for 412.0 seconds, exit status=0, try=1 (of 1)
2026-09-04 17:47:49 +0000 :: ufe01 :: Submitting mm_rrfs-sd_concat
2026-09-04 17:47:49 +0000 :: ufe01 :: Submission status of mm_rrfs-sd_concat is pending at druby://10.212.21.9:42501
2026-09-04 17:50:45 +0000 :: ufe01 :: Submission status of previously pending mm_rrfs-sd_concat is success, jobid=20730487
2026-09-04 17:50:45 +0000 :: ufe01 :: Task mm_rrfs-sd_concat, jobid=20730487, in state DEAD (FAILED), ran for 1.0 seconds, exit status=1, try=1 (of 1)
2026-09-04 17:50:45 +0000 :: ufe01 :: Forcibly submitting mm_rrfs-sd_concat
2026-09-04 17:50:45 +0000 :: ufe01 :: Submission status of mm_rrfs-sd_concat is pending at druby://10.212.21.9:34631
2026-09-04 17:55:57 +0000 :: ufe01 :: Submission status of previously pending mm_rrfs-sd_concat is success, jobid=20730649
2026-09-04 17:55:57 +0000 :: ufe01 :: Task mm_rrfs-sd_concat, jobid=20730649, in state SUCCEEDED (COMPLETED), ran for 293.0 seconds, exit status=0, try=3 (of 1)
2026-09-04 17:55:57 +0000 :: ufe01 :: This cycle is complete: Success
2026-09-04 18:09:18 +0000 :: ufe01 :: Forcibly submitting mm_rrfs-sd_concat
2026-09-04 18:09:18 +0000 :: ufe01 :: Submission status of mm_rrfs-sd_concat is pending at druby://10.212.21.9:42777
2026-09-04 18:10:04 +0000 :: ufe01 :: Submission status of previously pending mm_rrfs-sd_concat is success, jobid=20732348
2026-09-04 18:10:04 +0000 :: ufe01 :: Task mm_rrfs-sd_concat, jobid=20732348, in state SUCCEEDED (COMPLETED), ran for 0.0 seconds, exit status=0, try=1 (of 1)
2026-09-04 18:10:04 +0000 :: ufe01 :: Submitting mm_rrfs-sd_01
2026-09-04 18:10:04 +0000 :: ufe01 :: Submitting mm_rrfs-sd_02
2026-09-04 18:10:04 +0000 :: ufe01 :: Submitting mm_rrfs-sd_03
2026-09-04 18:10:04 +0000 :: ufe01 :: Submitting mm_rrfs-sd_04
2026-09-04 18:10:04 +0000 :: ufe01 :: Submitting mm_rrfs-sd_05
2026-09-04 18:10:04 +0000 :: ufe01 :: Submitting mm_rrfs-sd_06
2026-09-04 18:10:04 +0000 :: ufe01 :: Submission of mm_rrfs-sd_01 succeeded, jobid=20732354
2026-09-04 18:10:04 +0000 :: ufe01 :: Submission of mm_rrfs-sd_02 succeeded, jobid=20732353
2026-09-04 18:10:04 +0000 :: ufe01 :: Submission of mm_rrfs-sd_03 succeeded, jobid=20732352
2026-09-04 18:10:04 +0000 :: ufe01 :: Submission of mm_rrfs-sd_04 succeeded, jobid=20732355
2026-09-04 18:10:04 +0000 :: ufe01 :: Submission of mm_rrfs-sd_05 succeeded, jobid=20732356
2026-09-04 18:10:04 +0000 :: ufe01 :: Submission of mm_rrfs-sd_06 succeeded, jobid=20732357
2026-09-04 18:12:01 +0000 :: ufe01 :: Task mm_rrfs-sd_01, jobid=20732354, in state RUNNING (RUNNING)
2026-09-04 18:12:01 +0000 :: ufe01 :: Task mm_rrfs-sd_02, jobid=20732353, in state RUNNING (RUNNING)
2026-09-04 18:12:01 +0000 :: ufe01 :: Task mm_rrfs-sd_03, jobid=20732352, in state RUNNING (RUNNING)
2026-09-04 18:12:01 +0000 :: ufe01 :: Task mm_rrfs-sd_04, jobid=20732355, in state RUNNING (RUNNING)
2026-09-04 18:12:01 +0000 :: ufe01 :: Task mm_rrfs-sd_05, jobid=20732356, in state RUNNING (RUNNING)
2026-09-04 18:12:01 +0000 :: ufe01 :: Task mm_rrfs-sd_06, jobid=20732357, in state RUNNING (RUNNING)
2026-09-04 18:17:33 +0000 :: ufe01 :: Task mm_rrfs-sd_01, jobid=20732354, in state RUNNING (RUNNING)
2026-09-04 18:17:33 +0000 :: ufe01 :: Task mm_rrfs-sd_02, jobid=20732353, in state RUNNING (RUNNING)
2026-09-04 18:17:33 +0000 :: ufe01 :: Task mm_rrfs-sd_03, jobid=20732352, in state RUNNING (RUNNING)
2026-09-04 18:17:33 +0000 :: ufe01 :: Task mm_rrfs-sd_04, jobid=20732355, in state RUNNING (RUNNING)
2026-09-04 18:17:33 +0000 :: ufe01 :: Task mm_rrfs-sd_05, jobid=20732356, in state RUNNING (RUNNING)
2026-09-04 18:17:33 +0000 :: ufe01 :: Task mm_rrfs-sd_06, jobid=20732357, in state RUNNING (RUNNING)
2026-09-04 18:29:40 +0000 :: ufe01 :: Task mm_rrfs-sd_01, jobid=20732354, in state DEAD (FAILED), ran for 783.0 seconds, exit status=2, try=1 (of 1)
2026-09-04 18:29:40 +0000 :: ufe01 :: Task mm_rrfs-sd_02, jobid=20732353, in state DEAD (FAILED), ran for 715.0 seconds, exit status=2, try=1 (of 1)
2026-09-04 18:29:40 +0000 :: ufe01 :: Task mm_rrfs-sd_03, jobid=20732352, in state DEAD (FAILED), ran for 717.0 seconds, exit status=2, try=1 (of 1)
2026-09-04 18:29:40 +0000 :: ufe01 :: Task mm_rrfs-sd_04, jobid=20732355, in state DEAD (FAILED), ran for 711.0 seconds, exit status=2, try=1 (of 1)
2026-09-04 18:29:40 +0000 :: ufe01 :: Task mm_rrfs-sd_05, jobid=20732356, in state DEAD (FAILED), ran for 692.0 seconds, exit status=2, try=1 (of 1)
2026-09-04 18:29:40 +0000 :: ufe01 :: Task mm_rrfs-sd_06, jobid=20732357, in state DEAD (FAILED), ran for 710.0 seconds, exit status=2, try=1 (of 1)
2026-09-04 18:30:14 +0000 :: ufe01 :: Forcibly submitting mm_rrfs-sd_concat
2026-09-04 18:30:14 +0000 :: ufe01 :: Submission status of mm_rrfs-sd_concat is pending at druby://10.212.21.9:43605
2026-09-04 18:30:47 +0000 :: ufe01 :: Submission status of previously pending mm_rrfs-sd_concat is success, jobid=20733249
2026-09-04 18:30:47 +0000 :: ufe01 :: Task mm_rrfs-sd_concat, jobid=20733249, in state SUCCEEDED (COMPLETED), ran for 0.0 seconds, exit status=0, try=3 (of 1)
2026-09-04 18:30:48 +0000 :: ufe01 :: Forcibly submitting mm_rrfs-sd_concat
2026-09-04 18:30:48 +0000 :: ufe01 :: Submission status of mm_rrfs-sd_concat is pending at druby://10.212.21.9:46045
2026-09-04 18:37:30 +0000 :: ufe01 :: Submitting mm_rrfs-sd_01
2026-09-04 18:37:30 +0000 :: ufe01 :: Submitting mm_rrfs-sd_02
2026-09-04 18:37:30 +0000 :: ufe01 :: Submitting mm_rrfs-sd_03
2026-09-04 18:37:30 +0000 :: ufe01 :: Submitting mm_rrfs-sd_04
2026-09-04 18:37:30 +0000 :: ufe01 :: Submitting mm_rrfs-sd_05
2026-09-04 18:37:30 +0000 :: ufe01 :: Submitting mm_rrfs-sd_06
2026-09-04 18:37:30 +0000 :: ufe01 :: Submission of mm_rrfs-sd_01 succeeded, jobid=20733655
2026-09-04 18:37:30 +0000 :: ufe01 :: Submission of mm_rrfs-sd_02 succeeded, jobid=20733654
2026-09-04 18:37:30 +0000 :: ufe01 :: Submission of mm_rrfs-sd_03 succeeded, jobid=20733656
2026-09-04 18:37:30 +0000 :: ufe01 :: Submission of mm_rrfs-sd_04 succeeded, jobid=20733657
2026-09-04 18:37:30 +0000 :: ufe01 :: Submission of mm_rrfs-sd_05 succeeded, jobid=20733658
2026-09-04 18:37:30 +0000 :: ufe01 :: Submission of mm_rrfs-sd_06 succeeded, jobid=20733659
2026-09-04 18:49:47 +0000 :: ufe01 :: Task mm_rrfs-sd_01, jobid=20733655, in state RUNNING (RUNNING)
2026-09-04 18:49:47 +0000 :: ufe01 :: Task mm_rrfs-sd_02, jobid=20733654, in state RUNNING (RUNNING)
2026-09-04 18:49:47 +0000 :: ufe01 :: Task mm_rrfs-sd_03, jobid=20733656, in state RUNNING (RUNNING)
2026-09-04 18:49:47 +0000 :: ufe01 :: Task mm_rrfs-sd_04, jobid=20733657, in state RUNNING (RUNNING)
2026-09-04 18:49:47 +0000 :: ufe01 :: Task mm_rrfs-sd_05, jobid=20733658, in state RUNNING (RUNNING)
2026-09-04 18:49:47 +0000 :: ufe01 :: Task mm_rrfs-sd_06, jobid=20733659, in state RUNNING (RUNNING)
2026-09-04 18:57:55 +0000 :: ufe01 :: Task mm_rrfs-sd_01, jobid=20733655, in state RUNNING (RUNNING)
2026-09-04 18:57:55 +0000 :: ufe01 :: Task mm_rrfs-sd_02, jobid=20733654, in state SUCCEEDED (COMPLETED), ran for 1197.0 seconds, exit status=0, try=1 (of 1)
2026-09-04 18:57:55 +0000 :: ufe01 :: Task mm_rrfs-sd_03, jobid=20733656, in state RUNNING (RUNNING)
2026-09-04 18:57:55 +0000 :: ufe01 :: Task mm_rrfs-sd_04, jobid=20733657, in state RUNNING (RUNNING)
2026-09-04 18:57:55 +0000 :: ufe01 :: Task mm_rrfs-sd_05, jobid=20733658, in state RUNNING (RUNNING)
2026-09-04 18:57:55 +0000 :: ufe01 :: Task mm_rrfs-sd_06, jobid=20733659, in state RUNNING (RUNNING)
2026-09-04 19:12:43 +0000 :: ufe01 :: Task mm_rrfs-sd_01, jobid=20733655, in state SUCCEEDED (COMPLETED), ran for 1354.0 seconds, exit status=0, try=1 (of 1)
2026-09-04 19:12:43 +0000 :: ufe01 :: Task mm_rrfs-sd_03, jobid=20733656, in state SUCCEEDED (COMPLETED), ran for 1258.0 seconds, exit status=0, try=1 (of 1)
2026-09-04 19:12:43 +0000 :: ufe01 :: Task mm_rrfs-sd_04, jobid=20733657, in state SUCCEEDED (COMPLETED), ran for 1247.0 seconds, exit status=0, try=1 (of 1)
2026-09-04 19:12:43 +0000 :: ufe01 :: Task mm_rrfs-sd_05, jobid=20733658, in state SUCCEEDED (COMPLETED), ran for 1263.0 seconds, exit status=0, try=1 (of 1)
2026-09-04 19:12:43 +0000 :: ufe01 :: Task mm_rrfs-sd_06, jobid=20733659, in state SUCCEEDED (COMPLETED), ran for 1260.0 seconds, exit status=0, try=1 (of 1)
2026-09-04 19:12:43 +0000 :: ufe01 :: Submitting mm_rrfs-sd_concat
2026-09-04 19:12:43 +0000 :: ufe01 :: Submission status of mm_rrfs-sd_concat is pending at druby://10.212.21.9:37477
2026-09-04 19:13:15 +0000 :: ufe01 :: Submission status of previously pending mm_rrfs-sd_concat is success, jobid=20735263
2026-09-04 19:13:15 +0000 :: ufe01 :: Task mm_rrfs-sd_concat, jobid=20735263, in state SUCCEEDED (COMPLETED), ran for 1.0 seconds, exit status=0, try=1 (of 1)
2026-09-04 19:13:15 +0000 :: ufe01 :: This cycle is complete: Success
2026-09-04 19:13:35 +0000 :: ufe01 :: Forcibly submitting mm_rrfs-sd_concat
2026-09-04 19:13:35 +0000 :: ufe01 :: Submission status of mm_rrfs-sd_concat is pending at druby://10.212.21.9:35809
2026-09-04 19:14:52 +0000 :: ufe01 :: Submitting mm_rrfs-sd_01
2026-09-04 19:14:52 +0000 :: ufe01 :: Submitting mm_rrfs-sd_02
2026-09-04 19:14:52 +0000 :: ufe01 :: Submitting mm_rrfs-sd_03
2026-09-04 19:14:52 +0000 :: ufe01 :: Submitting mm_rrfs-sd_04
2026-09-04 19:14:52 +0000 :: ufe01 :: Submitting mm_rrfs-sd_05
2026-09-04 19:14:52 +0000 :: ufe01 :: Submitting mm_rrfs-sd_06
2026-09-04 19:14:52 +0000 :: ufe01 :: Submission of mm_rrfs-sd_01 succeeded, jobid=20735331
2026-09-04 19:14:52 +0000 :: ufe01 :: Submission of mm_rrfs-sd_02 succeeded, jobid=20735332
2026-09-04 19:14:52 +0000 :: ufe01 :: Submission of mm_rrfs-sd_03 succeeded, jobid=20735333
2026-09-04 19:14:52 +0000 :: ufe01 :: Submission of mm_rrfs-sd_04 succeeded, jobid=20735334
2026-09-04 19:14:52 +0000 :: ufe01 :: Submission of mm_rrfs-sd_05 succeeded, jobid=20735335
2026-09-04 19:14:52 +0000 :: ufe01 :: Submission of mm_rrfs-sd_06 succeeded, jobid=20735336
2026-09-04 19:27:25 +0000 :: ufe01 :: Task mm_rrfs-sd_01, jobid=20735331, in state SUCCEEDED (COMPLETED), ran for 723.0 seconds, exit status=0, try=1 (of 1)
2026-09-04 19:27:25 +0000 :: ufe01 :: Task mm_rrfs-sd_02, jobid=20735332, in state SUCCEEDED (COMPLETED), ran for 672.0 seconds, exit status=0, try=1 (of 1)
2026-09-04 19:27:25 +0000 :: ufe01 :: Task mm_rrfs-sd_03, jobid=20735333, in state SUCCEEDED (COMPLETED), ran for 685.0 seconds, exit status=0, try=1 (of 1)
2026-09-04 19:27:25 +0000 :: ufe01 :: Task mm_rrfs-sd_04, jobid=20735334, in state SUCCEEDED (COMPLETED), ran for 682.0 seconds, exit status=0, try=1 (of 1)
2026-09-04 19:27:25 +0000 :: ufe01 :: Task mm_rrfs-sd_05, jobid=20735335, in state SUCCEEDED (COMPLETED), ran for 674.0 seconds, exit status=0, try=1 (of 1)
2026-09-04 19:27:25 +0000 :: ufe01 :: Task mm_rrfs-sd_06, jobid=20735336, in state SUCCEEDED (COMPLETED), ran for 674.0 seconds, exit status=0, try=1 (of 1)
2026-09-04 19:27:25 +0000 :: ufe01 :: Submitting mm_rrfs-sd_concat
2026-09-04 19:27:25 +0000 :: ufe01 :: Submission status of mm_rrfs-sd_concat is pending at druby://10.212.21.9:34265
